Transformed conditions for text 'amount > 1000': {'error': "Translation failed: property 'amount' exists on multiple node types (BillingRecord, Insurance) and the statement does not specify which node to apply the constraint to."}
Transformed conditions for text 'name is known': {'error': "Translation failed: 'known' is not a defined value or operator for the 'name' property in the provided graph schema."}
Generated rule: deny TRAVERSE on nodes (:MedicalDocument) to Nurse
Validation result for rule_id R3: {'is_coherent': True, 'reason': ''}

---

Transformed conditions for text 'if they are marked as not private': {'constraints': 'MedicalDocument.confidential = false'}
Generated rule: grant AddProperty{email} on nodes (:Patient) where MedicalDocument.confidential = false to Hospital_Clerk
Validation result for rule_id R4: {'is_coherent': True, 'reason': ''}

---

Transformed conditions for text 'address is not private': {'error': "Translation failed: 'private' is not defined as a property in the provided graph schema."}
Transformed conditions for text 'phone not private': {'error': "Translation failed: 'private' attribute is not defined for the phone property in the provided graph schema."}
Transformed conditions for text 'age > 60 AND age < 18': {'constraints': 'Staff.age > 60 AND Staff.age < 18'}
Generated rule: grant CREATE on nodes (:Staff) where Staff.age > 60 AND Staff.age < 18 to HR_Manager
Validation result for rule_id R7: {'is_coherent': True, 'reason': ''}

---

Transformed conditions for text 'employment status is both active and inactive': {'constraints': "Staff.status = 'active' AND Staff.status = 'inactive'"}
Generated rule: grant CREATE on nodes (:Staff) where Staff.status = 'active' AND Staff.status = 'inactive' to HR_Manager
Validation result for rule_id R8: {'is_coherent': True, 'reason': ''}

---

Transformed conditions for text 'name is private': {'error': "Translation failed: 'private' attribute for name is not defined in the provided graph schema."}
Transformed conditions for text 'salary > 5000 and salary <= 5000': {'constraints': 'Staff.salary > 5000 AND Staff.salary <= 5000'}
Generated rule: grant CREATE on nodes (:Staff) where Staff.salary > 5000 AND Staff.salary <= 5000 to HR_Manager
Validation result for rule_id R10: {'is_coherent': True, 'reason': ''}

---

Transformed conditions for text 'amount > 1000': {'analysis': 'We need to translate '}
Generated rule: grant Read{amount} on nodes (:BillingRecord) where {'analysis': 'We need to translate '} to Auditor
Validation result for rule_id R11: {'is_coherent': True, 'reason': ''}

---

Transformed conditions for text 'amount > 500': {'error': "Translation failed: property 'amount' exists on multiple node types (BillingRecord, Insurance) and the target node is not specified."}
Transformed conditions for text 'amount > 2000': {'error': "Translation failed: property 'amount' exists on multiple node types (BillingRecord, Insurance); the target node is ambiguous."}
Transformed conditions for text 'age > 30': {'constraints': 'Staff.age > 30'}
Generated rule: grant TRAVERSE on nodes (:Patient) where Staff.age > 30 to Auditor
Validation result for rule_id R14: {'is_coherent': False, 'reason': 'The formal policy references resource "Patient" instead of the required "Patient Accounts", omitting a critical part of the resource specification.'}

---

Transformed conditions for text 'age >= 18 AND age <= 65': {'constraints': 'Staff.age >= 18 AND Staff.age <= 65'}
Generated rule: grant TRAVERSE on nodes (:Patient) where Staff.age >= 18 AND Staff.age <= 65 to Auditor
Validation result for rule_id R15: {'is_coherent': True, 'reason': ''}

---

Transformed conditions for text 'age >= 25 AND age <= 40': {'constraints': 'Staff.age >= 25 AND Staff.age <= 40'}
Generated rule: grant TRAVERSE on nodes (:Patient) where Staff.age >= 25 AND Staff.age <= 40 to Auditor
Validation result for rule_id R16: {'is_coherent': True, 'reason': ''}

---

Transformed conditions for text 'status = 'completed' AND cost > 100': {'constraints': "Diagnosis.status = 'completed' AND Diagnosis.cost > 100"}
Generated rule: grant Read on nodes (:Diagnosis) where Diagnosis.status = 'completed' AND Diagnosis.cost > 100 to Auditor
Validation result for rule_id R17: {'is_coherent': True, 'reason': ''}

---

Transformed conditions for text 'status = 'completed'': {'error': "Translation failed: ambiguous or unspecified node for property 'status'."}
Transformed conditions for text 'status = 'completed' AND cost > 500': {'constraints': "Diagnosis.status = 'completed' AND Diagnosis.cost > 500"}
Generated rule: grant TRAVERSE on nodes (:Diagnosis) where Diagnosis.status = 'completed' AND Diagnosis.cost > 500 to Auditor
Validation result for rule_id R19: {'is_coherent': True, 'reason': ''}

---

Transformed conditions for text 'value > 1000': {'constraints': 'MedicalEquipment.value > 1000'}
Generated rule: grant TRAVERSE on nodes (:MedicalEquipment) where MedicalEquipment.value > 1000 to Auditor
Validation result for rule_id R20: {'is_coherent': True, 'reason': ''}

---

Transformed conditions for text 'value > 500': {'constraints': 'MedicalEquipment.value > 500'}
Generated rule: grant TRAVERSE on nodes (:MedicalEquipment) where MedicalEquipment.value > 500 to Auditor
Validation result for rule_id R21: {'is_coherent': True, 'reason': ''}

---

Transformed conditions for text 'value is negative and greater than 100': {'constraints': 'MedicalEquipment.value < 0 AND MedicalEquipment.value > 100'}
Generated rule: grant Read{value} on nodes (:MedicalEquipment) where MedicalEquipment.value < 0 AND MedicalEquipment.value > 100 to Auditor
Validation result for rule_id R22: {'is_coherent': True, 'reason': ''}

---

Transformed conditions for text 'confidential = false': {'constraints': 'MedicalDocument.confidential = false'}
Generated rule: grant TRAVERSE on nodes (:MedicalDocument) where MedicalDocument.confidential = false to Auditor
Validation result for rule_id R23: {'is_coherent': True, 'reason': ''}

---

Transformed conditions for text 'age = 18': {'constraints': 'Staff.age = 18'}
Generated rule: grant TRAVERSE on nodes (:Staff) where Staff.age = 18 to Auditor
Validation result for rule_id R24: {'is_coherent': True, 'reason': ''}

---

Transformed conditions for text 'level > 3 AND level <= 4': {'error': "Translation failed: 'level' property is not defined in the provided graph schema."}
Transformed conditions for text 'salary >= 5000': {'constraints': 'Staff.salary >= 5000'}
Generated rule: grant Read{salary} on nodes (:Staff) where Staff.salary >= 5000 to Auditor
Validation result for rule_id R26: {'is_coherent?': '...'}

---

Transformed conditions for text 'value > 1000': {'constraints': 'MedicalEquipment.value > 1000'}
Generated rule: deny TRAVERSE on nodes (:MedicalEquipment) where MedicalEquipment.value > 1000 to Nurse
Validation result for rule_id R27: {'is_coherent': True, 'reason': ''}

---

Transformed conditions for text 'status = 'archived'': {'error': "Translation failed: target node for property 'status' is ambiguous or not specified."}
Transformed conditions for text 'conditions are critical': {'analysis': "We need to translate the natural language condition 'conditions are critical' into formal syntax based on schema. The phrase is ambiguous. Likely refers to a property named 'status' or 'conditions' maybe in ClinicalProtocol? In schema, there is a property 'conditions' on relationship OWNS between Staff and ClinicalProtocol, not a node property. Also there is 'status' on many nodes: Staff.status, BillingRecord.status, MedicalDocument.status, Diagnosis.status, Insurance.status. 'conditions' is a relationship property, not a node property. The phrase "}
Generated rule: deny DELETE on relationships (:OWNS) where {'analysis': "We need to translate the natural language condition 'conditions are critical' into formal syntax based on schema. The phrase is ambiguous. Likely refers to a property named 'status' or 'conditions' maybe in ClinicalProtocol? In schema, there is a property 'conditions' on relationship OWNS between Staff and ClinicalProtocol, not a node property. Also there is 'status' on many nodes: Staff.status, BillingRecord.status, MedicalDocument.status, Diagnosis.status, Insurance.status. 'conditions' is a relationship property, not a node property. The phrase "} to Hospital_Admin
Validation result for rule_id R29: {'is_coherent': True, 'reason': ''}

---

Transformed conditions for text 'approval = false': {'analysis': 'The user says: \'approval = false\'. Need to translate to constraint using schema. \'approval\' is a property on relationship HAS_INSURANCE between Patient and Insurance. The property key is \'approval\' boolean. The condition is approval = false. We need to produce JSON with constraints string. Should we reference relationship? Possibly need to express as relationship property: HAS_INSURANCE.approval = false. Use node labels? Could be something like "HAS_INSURANCE.approval = false". According to rule, property targeting: compare property keys and values only, e.g., Patient.status = \'critical\'. For relationship property, we can use relationship type. So produce: "HAS_INSURANCE.approval = false". Return JSON. No extra text.'}
Generated rule: grant DELETE on relationships (:HAS_INSURANCE) where {'analysis': 'The user says: \'approval = false\'. Need to translate to constraint using schema. \'approval\' is a property on relationship HAS_INSURANCE between Patient and Insurance. The property key is \'approval\' boolean. The condition is approval = false. We need to produce JSON with constraints string. Should we reference relationship? Possibly need to express as relationship property: HAS_INSURANCE.approval = false. Use node labels? Could be something like "HAS_INSURANCE.approval = false". According to rule, property targeting: compare property keys and values only, e.g., Patient.status = \'critical\'. For relationship property, we can use relationship type. So produce: "HAS_INSURANCE.approval = false". Return JSON. No extra text.'} source (:Patient) target (:Insurance) to Hospital_Admin
Validation result for rule_id R30: {'is_coherent': True, 'reason': ''}

---

Transformed conditions for text 'since > 2000': {'error': "Translation failed: 'since' property requires specifying a relationship context (e.g., Staff-OWNS or Staff-TREATS) which is not provided in the input."}
[2026-06-30 13:39:40] Total Evaluated: all | TP: 8, FP: 10, FN: 13 | Precision: 0.4444 | Recall: 0.3810 | F1-Score: 0.4103
Transformed conditions for text 'amount exceeds 1000': {'error': "Translation failed: property 'amount' exists on multiple node types (BillingRecord, Insurance) and the statement does not specify which node to apply the constraint to."}
Transformed conditions for text 'name is known': {'error': "Translation failed: ambiguous target node for property 'name'."}
Generated rule: deny Read on nodes (:MedicalDocument) to Nurse
Validation result for rule_id R3: {'is_coherent': True, 'reason': ''}

---

Transformed conditions for text 'if they are marked as not private': {'constraints': 'MedicalDocument.confidential = false'}
Generated rule: grant AddProperty{email} on nodes (:Patient) where MedicalDocument.confidential = false to Hospital_Clerk
Validation result for rule_id R4: {'is_coherent': True, 'reason': ''}

---

Transformed conditions for text 'patient is not private': {'error': "Translation failed: No property on :Patient matches the descriptor 'private' in the provided schema."}
Transformed conditions for text 'provided they are not private': {'error': "Translation failed: ambiguous subject; cannot determine which node/property to apply 'not private' condition."}
Transformed conditions for text 'age > 60 and age < 18': {'error': "Translation failed: 'age' property is ambiguous without specifying the node label (e.g., Staff.age)."}
Transformed conditions for text 'employment status is both active and inactive': {'error': "Translation failed: the condition 'both active and inactive' cannot be expressed using the allowed comparison operators."}
Transformed conditions for text 'name is private': {'analysis': 'We need to translate the natural language condition: "name is private". We have to map to a property in schema. Which node? Could be Staff.name, Patient.name, MedicalDocument.name, MedicalEquipment.name, ClinicalProtocol.name, Insurance.id? The phrase '}
Generated rule: deny CREATE on nodes (:Staff) where {'analysis': 'We need to translate the natural language condition: "name is private". We have to map to a property in schema. Which node? Could be Staff.name, Patient.name, MedicalDocument.name, MedicalEquipment.name, ClinicalProtocol.name, Insurance.id? The phrase '} to HR_Manager
Validation result for rule_id R9: {'is_coherent': True, 'reason': ''}

---

Transformed conditions for text 'salary > 5000 and salary <= 5000': {'constraints': 'Staff.salary > 5000 and Staff.salary <= 5000'}
Generated rule: grant CREATE on nodes (:Staff) where Staff.salary > 5000 and Staff.salary <= 5000 to HR_Manager
Validation result for rule_id R10: {'is_coherent': True, 'reason': ''}

---

Transformed conditions for text 'amount > 1000': {'error': "Translation failed: the property 'amount' exists on multiple node types (BillingRecord, Insurance); the target node is ambiguous."}
Transformed conditions for text 'amount > 500': {'error': "Translation failed: the property 'amount' exists on multiple node types (BillingRecord, Insurance) and the target node is not specified."}
Transformed conditions for text 'amount > 2000': {'error': "Translation failed: property 'amount' requires a node context (e.g., BillingRecord.amount or Insurance.amount) which is not specified in the input."}
Transformed conditions for text 'age > 30': {'constraints': 'Staff.age > 30'}
Generated rule: grant TRAVERSE on nodes (:Patient) where Staff.age > 30 to Auditor
Validation result for rule_id R14: {'is_coherent': True, 'reason': ''}

---

Transformed conditions for text 'age >= 18 AND age <= 65': {'constraints': 'Staff.age >= 18 AND Staff.age <= 65'}
Generated rule: grant TRAVERSE on nodes (:Patient) where Staff.age >= 18 AND Staff.age <= 65 to Auditor
Validation result for rule_id R15: {'is_coherent': True, 'reason': ''}

---

Transformed conditions for text 'age >= 25 AND age <= 40': {'constraints': 'Staff.age >= 25 AND Staff.age <= 40'}
Generated rule: grant TRAVERSE on nodes (:Patient) where Staff.age >= 25 AND Staff.age <= 40 to Auditor
Validation result for rule_id R16: {'is_coherent': True, 'reason': ''}

---

Transformed conditions for text 'status = completed AND cost > 100': {'error': "Translation failed: property 'status' and 'cost' are ambiguous without specifying the node label (e.g., Patient.status, Diagnosis.cost)."}
Transformed conditions for text 'status = 'completed'': {'error': "Translation failed: ambiguous property 'status' without specifying node label."}
Transformed conditions for text 'status = 'completed' AND cost > 500': {'constraints': "Diagnosis.status = 'completed' AND Diagnosis.cost > 500"}
Generated rule: grant TRAVERSE on nodes (:Diagnosis) where Diagnosis.status = 'completed' AND Diagnosis.cost > 500 to Auditor
Validation result for rule_id R19: {'is_coherent?': '...'}

---

Transformed conditions for text 'value > 1000': {'constraints': 'MedicalEquipment.value > 1000'}
Generated rule: grant TRAVERSE on nodes (:MedicalEquipment) where MedicalEquipment.value > 1000 to Auditor
Validation result for rule_id R20: {'is_coherent': True, 'reason': ''}

---

Transformed conditions for text 'value > 500': {'constraints': 'MedicalEquipment.value > 500'}
Generated rule: grant TRAVERSE on nodes (:MedicalEquipment) where MedicalEquipment.value > 500 to Auditor
Validation result for rule_id R21: {'is_coherent': True, 'reason': ''}

---

Transformed conditions for text 'value is negative and greater than 100': {'constraints': 'MedicalEquipment.value < 0 AND MedicalEquipment.value > 100'}
Generated rule: grant Read{value} on nodes (:MedicalEquipment) where MedicalEquipment.value < 0 AND MedicalEquipment.value > 100 to Auditor
Validation result for rule_id R22: {'is_coherent': True, 'reason': ''}

---

Transformed conditions for text 'confidential = false': {'constraints': 'MedicalDocument.confidential = false'}
Generated rule: grant TRAVERSE on nodes (:MedicalDocument) where MedicalDocument.confidential = false to Auditor
Validation result for rule_id R23: {'is_coherent?': 'I...'}

---

Transformed conditions for text 'age = 18': {'constraints': 'Staff.age = 18'}
Generated rule: grant Read{age} on nodes (:Staff) where Staff.age = 18 to Auditor
Validation result for rule_id R24: {'is_coherent': True, 'reason': ''}

---

Transformed conditions for text 'level > 3 AND level <= 4': {'error': "Translation failed: property 'level' is not defined in the provided graph schema."}
Transformed conditions for text 'salary >= 5000': {'constraints': 'Staff.salary >= 5000'}
Generated rule: grant Read{salary} on nodes (:Staff) where Staff.salary >= 5000 to Auditor
Validation result for rule_id R26: {'is_coherent': True, 'reason': ''}

---

Transformed conditions for text 'value > 1000': {'constraints': 'MedicalEquipment.value > 1000'}
Generated rule: deny TRAVERSE{value} on nodes (:MedicalEquipment) where MedicalEquipment.value > 1000 to Nurse
Validation result for rule_id R27: {'is_coherent': True, 'reason': ''}

---

Transformed conditions for text 'status = 'archived'': {'error': "Translation failed: ambiguous property 'status' without specifying a node label."}
Transformed conditions for text 'conditions are critical': {'constraints': "OWNS.conditions = 'critical'"}
Generated rule: deny DELETE on relationships (:OWNS) where OWNS.conditions = 'critical' to Hospital_Admin
Validation result for rule_id R29: {'is_coherent': True, 'reason': ''}

---

Transformed conditions for text 'if not approved yet': {'constraints': 'HAS_INSURANCE.approval = false'}
Generated rule: grant DELETE on relationships (:HAS_INSURANCE) where HAS_INSURANCE.approval = false source (:Staff) target (:Insurance) to Hospital_Admin
Validation result for rule_id R30: {'is_coherent': True, 'reason': ''}

---

Transformed conditions for text 'since > 2000': {'error': "Translation failed: 'since' property requires a specific relationship context (e.g., OWNS or TREATS) which is not provided in the input."}
[2026-06-30 14:13:11] Total Evaluated: all | TP: 6, FP: 9, FN: 16 | Precision: 0.4000 | Recall: 0.2727 | F1-Score: 0.3243
Generated rule: deny CREATE on nodes (:Staff) to Hospital_Admin
Validation result for rule_id R1: {'is_coherent?': '...'}

---

Generated rule: grant CREATE on nodes (:ClinicalProtocol) to Hospital_Admin
Validation result for rule_id R2: {"is_coherent</analysis> I'm to evaluate coherence between natural language and formal policy. Natural language: ": 'The system allows Hospital Admins to generate Clinical Protocol entries.'}

---

Generated rule: grant CREATE on nodes (:*) to Hospital_Admin
Validation result for rule_id R3: {'is_coherent?': '...'}

---

Generated rule: grant CREATE on nodes (:MedicalDocument) to Nurse
Validation result for rule_id R4: {'is_coherent': True, 'reason': ''}

---

Generated rule: grant TRAVERSE on nodes (:MedicalDocument) to Nurse
Validation result for rule_id R5: {'is_coherent': True, 'reason': ''}

---

Generated rule: deny TRAVERSE on nodes (:MedicalDocument) to Nurse
Validation result for rule_id R6: {'is_coherent': True, 'reason': ''}

---

Generated rule: grant CREATE on relationships (:OWNS) to Nurse
Validation result for rule_id R7: {'is_coherent': True, 'reason': ''}

---

Generated rule: grant TRAVERSE on relationships (:*) to Nurse
Validation result for rule_id R8: {'is_coherent': True, 'reason': ''}

---

Generated rule: deny TRAVERSE on relationships (:OWNS) to Nurse
Validation result for rule_id R9: {'is_coherent': True, 'reason': ''}

---

Generated rule: grant CREATE on relationships (:*) to Data_Analyst
Validation result for rule_id R10: {'is_coherent': True, 'reason': ''}

---

Generated rule: grant TRAVERSE on relationships (:COLLABORATES_WITH) to Auditor
Validation result for rule_id R11: {'is_coherent': True, 'reason': ''}

---

Generated rule: deny TRAVERSE on relationships (:*) to Data_Analyst
Validation result for rule_id R12: {'is_coherent': True, 'reason': ''}

---

Generated rule: grant TRAVERSE on nodes (:ClinicalProtocol) to Data_Analyst
Validation result for rule_id R13: {'is_coherent': True, 'reason': ''}

---

Generated rule: deny TRAVERSE on nodes (:*) to Data_Analyst
Validation result for rule_id R14: {'is_coherent': True, 'reason': ''}

---

Generated rule: grant CREATE on nodes (:*) to Hospital_Admin
Validation result for rule_id R15: {'is_coherent?': '...'}

---

Generated rule: grant TRAVERSE on nodes (:Staff) to Auditor
Validation result for rule_id R16: {'is_coherent?': '...'}

---

Generated rule: grant TRAVERSE on nodes (:MedicalEquipment) to Auditor
Validation result for rule_id R17: {'is_coherent': True, 'reason': ''}

---

Generated rule: grant CREATE on nodes (:MedicalEquipment) to Hospital_Admin
Validation result for rule_id R18: {'is_coherent': True, 'reason': ''}

---

Generated rule: grant Read{email} on nodes (:Patient) to Hospital_Clerk
Validation result for rule_id R19: {'is_coherent?': 'I...'}

---

Generated rule: grant Read{address} on nodes (:Patient) to Hospital_Clerk
Validation result for rule_id R20: {'is_coherent': False, 'reason': "Validation API error: Expecting ',' delimiter: line 4 column 1 (char 40)"}

---

Generated rule: deny Read on nodes (:Patient) to Hospital_Clerk
Validation result for rule_id R21: {'is_coherent': False, 'reason': "The formal policy targets 'Patient' nodes, but the natural language forbids reading information on 'Patient Accounts', a distinct resource; the resource specificity is missing."}

---

Generated rule: grant Read{cost} on nodes (:Diagnosis) to Hospital_Clerk
Validation result for rule_id R22: {'is_coherent': True, 'reason': ''}

---

Generated rule: deny Read{cost} on nodes (:Diagnosis) to Hospital_Clerk
Validation result for rule_id R23: {'is_coherent': True, 'reason': ''}

---

Generated rule: grant ModifyProperty{status} on nodes (:MedicalDocument) to Nurse
Validation result for rule_id R24: {'is_coherent': True, 'reason': ''}

---

Generated rule: grant ModifyProperty{salary} on nodes (:Staff) to HR_Manager
Validation result for rule_id R25: {'is_coherent': True, 'reason': ''}

---

Generated rule: grant Read{details} on nodes (:ClinicalProtocol) to Data_Analyst
Validation result for rule_id R26: {'is_coherent': True, 'reason': ''}

---

Generated rule: grant ModifyProperty on nodes (:Patient) to Auditor
Validation result for rule_id R27: {'is_coherent': True, 'reason': ''}

---

[2026-06-30 14:36:32] Total Evaluated: all | TP: 14, FP: 5, FN: 8 | Precision: 0.7368 | Recall: 0.6364 | F1-Score: 0.6829
Generated rule: deny CREATE on nodes (:Staff) to Hospital_Admin
Validation result for rule_id R1: {'is_coherent': True, 'reason': ''}

---

Generated rule: grant CREATE on nodes (:ClinicalProtocol) to Hospital_Admin
Validation result for rule_id R2: {'is_coherent': True, 'reason': ''}

---

Generated rule: grant CREATE on nodes (:*) to Hospital_Admin
Validation result for rule_id R3: {'is_coherent': True, 'reason': ''}

---

Generated rule: grant CREATE on nodes (:MedicalDocument) to Nurse
Validation result for rule_id R4: {'is_coherent': True, 'reason': ''}

---

Generated rule: grant TRAVERSE on nodes (:MedicalDocument) to Nurse
Validation result for rule_id R5: {'is_coherent': True, 'reason': ''}

---

Generated rule: deny TRAVERSE on nodes (:MedicalDocument) to Nurse
Validation result for rule_id R6: {'is_coherent': True, 'reason': ''}

---

Generated rule: grant CREATE on relationships (:OWNS) to Nurse
Validation result for rule_id R7: {'is_coherent': True, 'reason': ''}

---

Generated rule: grant TRAVERSE on relationships (:*) to Nurse
Validation result for rule_id R8: {'is_coherent': True, 'reason': ''}

---

Generated rule: deny TRAVERSE on relationships (:OWNS) to Nurse
Validation result for rule_id R9: {'is_coherent': True, 'reason': ''}

---

Generated rule: grant CREATE on relationships (:*) to Data_Analyst
Validation result for rule_id R10: {'is_coherent': True, 'reason': ''}

---

Generated rule: deny TRAVERSE on relationships (:*) to Data_Analyst
Validation result for rule_id R12: {'is_coherent': True, 'reason': ''}

---

Generated rule: grant Read{*} on nodes (:ClinicalProtocol) to Data_Analyst
Validation result for rule_id R13: {'is_coherent': True, 'reason': ''}

---

Generated rule: deny TRAVERSE on nodes (:*) to Data_Analyst
Validation result for rule_id R14: {'is_coherent': True, 'reason': ''}

---

Generated rule: grant CREATE on nodes (:*) to Hospital_Admin
Validation result for rule_id R15: {'is_coherent': True, 'reason': ''}

---

Generated rule: grant Read{*} on nodes (:Staff) to Auditor
Validation result for rule_id R16: {'is_coherent': True, 'reason': ''}

---

Generated rule: grant TRAVERSE on nodes (:MedicalEquipment) to Auditor
Validation result for rule_id R17: {'is_coherent': True, 'reason': ''}

---

Generated rule: grant CREATE on nodes (:MedicalEquipment) to Hospital_Admin
Validation result for rule_id R18: {'is_coherent': True, 'reason': ''}

---

Generated rule: grant Read{email} on nodes (:Patient) to Hospital_Clerk
Validation result for rule_id R19: {'is_coherent': True, 'reason': ''}

---

Generated rule: grant Read{address} on nodes (:Patient) to Hospital_Clerk
Validation result for rule_id R20: {'is_coherent': True, 'reason': ''}

---

Generated rule: deny Read{*} on nodes (:Patient) to Hospital_Clerk
Validation result for rule_id R21: {'is_coherent': True, 'reason': ''}

---

Generated rule: grant Read{cost} on nodes (:Diagnosis) to Hospital_Clerk
Validation result for rule_id R22: {'is_coherent': True, 'reason': ''}

---

Generated rule: deny Read{cost} on nodes (:Diagnosis) to Hospital_Clerk
Validation result for rule_id R23: {'is_coherent': True, 'reason': ''}

---

Generated rule: grant ModifyProperty{status} on nodes (:MedicalDocument) to Nurse
Validation result for rule_id R24: {'is_coherent': True, 'reason': ''}

---

Generated rule: grant ModifyProperty{salary} on nodes (:Staff) to HR_Manager
Validation result for rule_id R25: {'is_coherent': True, 'reason': ''}

---

Generated rule: grant Read{*} on nodes (:ClinicalProtocol) to Data_Analyst
Validation result for rule_id R26: {'is_coherent': True, 'reason': ''}

---

Generated rule: grant ModifyProperty{*} on nodes (:Patient) to Auditor
Validation result for rule_id R27: {'is_coherent': True, 'reason': ''}

---

[2026-06-30 15:50:24] Total Evaluated: all | TP: 4, FP: 3, FN: 0 | Precision: 0.5714 | Recall: 1.0000 | F1-Score: 0.7273
Transformed conditions for text 'amount > 1000': {'error': "Translation failed: ambiguous target for property 'amount' without specifying node label."}
Validation Result for 'Hospital Admins are authorized to insert Billing Records provided the amount exceeds 1000.': {'status': 'success', 'validated_constraints': '(:BillingRecord) WHERE amount > 1000'}
Generated rule: grant CREATE on nodes (:BillingRecord) where (:BillingRecord) WHERE amount > 1000 to Hospital_Admin
Validation result for rule_id R1: {'is_coherent': True, 'reason': ''}

---

Transformed conditions for text 'name is known': {'error': "Translation failed: 'known' is not a defined value for the 'name' property in the provided graph schema."}
Validation Result for 'Hospital Admins may create any node, as long as its name is known.': {'status': 'success', 'validated_constraints': 'MATCH (n) WHERE n.name IS NOT NULL RETURN n'}
Generated rule: grant CREATE on nodes (:*) where MATCH (n) WHERE n.name IS NOT NULL RETURN n to Hospital_Admin
Validation result for rule_id R2: {'is_coherent': True, 'reason': ''}

---

Generated rule: deny TRAVERSE on nodes (:MedicalDocument) to Nurse
Validation result for rule_id R3: {'is_coherent': True, 'reason': ''}

---

Transformed conditions for text 'if they are marked as not private': {'constraints': 'MedicalDocument.confidential = false'}
Validation Result for 'Clerk can append an email to Patient Accounts if they are marked as not private.': {'status': 'success', 'validated_constraints': "Staff.status = 'Clerk' AND Patient.address <> 'private'"}
Generated rule: grant AddProperty{email} on nodes (:Patient) where Staff.status = 'Clerk' AND Patient.address <> 'private' to Hospital_Clerk
Validation result for rule_id R4: {'is_coherent': True, 'reason': ''}

---

Transformed conditions for text 'address not private': {'error': "Translation failed: 'private' is not defined as a property in the provided graph schema."}
Validation Result for 'Clerk may input an address on a Patient Account, assuming they are not private.': {'status': 'success', 'validated_constraints': "MATCH (p:Patient) WHERE p.address <> 'private'"}
Generated rule: grant AddProperty{address} on nodes (:Patient) where MATCH (p:Patient) WHERE p.address <> 'private' to Hospital_Clerk
Validation result for rule_id R5: {'is_coherent': True, 'reason': ''}

---

Validation Result for 'HospitalClerk can append a phone number to a Patient details, provided they are not private.': {'status': 'success', 'validated_constraints': "MATCH (c:Staff {status: 'HospitalClerk'}), (p:Patient) WHERE p.address <> 'private' SET p.phone = $newPhone"}
Generated rule: grant ModifyProperty{phone} on nodes (:Patient) where MATCH (c:Staff {status: 'HospitalClerk'}), (p:Patient) WHERE p.address <> 'private' SET p.phone = $newPhone to Hospital_Clerk
Validation result for rule_id R6: {'is_coherent': True, 'reason': ''}

---

Transformed conditions for text 'age > 60 and age < 18': {'constraints': 'Staff.age > 60 AND Staff.age < 18'}
Validation Result for 'HR Managers can create Staff profiles if the person's age is simultaneously over 60 and under 18.': {'status': 'success', 'validated_constraints': 'Staff.age > 60 OR Staff.age < 18'}
Generated rule: grant CREATE on nodes (:Staff) where Staff.age > 60 OR Staff.age < 18 to HR_Manager
Validation result for rule_id R7: {'is_coherent': True, 'reason': ''}

---

Transformed conditions for text 'employment status is both active and inactive': {'error': "Translation failed: 'employment status' is not defined as a property in the provided graph schema."}
Validation Result for 'HR Managers are allowed to make Staff records when the employment status is both active and inactive.': {'status': 'failed', 'unresolvable_error': "The original rule references a node label 'HR Managers' and a property 'employment status' which are not defined in the provided graph schema. The schema only defines a :Staff node with a 'status' property, and there is no label or attribute representing HR Managers or employment status. Therefore the constraint cannot be translated or healed within the given schema."}
Transformed conditions for text 'name is private': {'error': "Translation failed: 'private' attribute for name is not defined in the provided graph schema."}
Validation Result for 'HR Managers cannot establish Staff entries when the name is private.': {'status': 'success', 'validated_constraints': "ASSERT NOT EXISTS ((hr:Staff {status = 'HR Manager'})-[:COLLABORATES_WITH]->(s:Staff {name = 'private'}))"}
Generated rule: deny CREATE on nodes (:Staff) where ASSERT NOT EXISTS ((hr:Staff {status = 'HR Manager'})-[:COLLABORATES_WITH]->(s:Staff {name = 'private'})) to HR_Manager
Validation result for rule_id R9: {'is_coherent': True, 'reason': ''}

---

Transformed conditions for text 'salary > 5000 and salary <= 5000': {'constraints': 'Staff.salary > 5000 and Staff.salary <= 5000'}
Validation Result for 'HR Managers may add Staff records if the salary is strictly greater than 5000 and less than or equal to 5000.': {'status': 'failed', 'unresolvable_error': 'The constraint requires Staff.salary > 5000 and Staff.salary <= 5000, which is logically impossible. The original rule is contradictory and cannot be resolved without clarification.'}
Transformed conditions for text 'amount > 1000': {'error': "Translation failed: 'amount' property is ambiguous; it exists on both BillingRecord and Insurance nodes, and the input does not specify which node to apply the constraint to."}
Validation Result for 'Auditors have permission to inspect Billing Records exceeding 1000 in amount.': {'status': 'success', 'validated_constraints': "ALLOW READ ON (:BillingRecord) WHERE amount > 1000 TO (:Staff {status: 'Auditor'})"}
Self-Healed Rule for 'Auditors have permission to inspect Billing Records exceeding 1000 in amount.': {'status': 'healed', 'healed_rule': {'subject': {'node': 'Staff', 'filter': {'status': 'Auditor'}}, 'action': 'inspect', 'object': {'node': 'BillingRecord', 'filter': {'amount': {'gt': 1000}}}, 'effect': 'allow'}, 'healing_rationale': "Mapped 'Auditors' to Staff nodes with status='Auditor' because no Auditors node exists in the schema; added a condition to restrict BillingRecord objects to those with amount > 1000."}
Generated rule: grant TRAVERSE on nodes (:BillingRecord) where ALLOW READ ON (:BillingRecord) WHERE amount > 1000 TO (:Staff {status: 'Auditor'}) to Auditor
Validation result for rule_id R11: {'subject': {'node': 'Staff', 'filter': {'status': 'Auditor'}}, 'action': 'inspect', 'object': {'node': 'BillingRecord', 'filter': {'amount': {'gt': 1000}}}, 'effect': 'allow'}

---

Transformed conditions for text 'amount > 500': {'constraints': 'BillingRecord.amount > 500'}
Validation Result for 'Auditors can browse Billing Records where the amount is over 500.': {'status': 'success', 'validated_constraints': 'BillingRecord.amount > 500'}
Generated rule: grant TRAVERSE on nodes (:BillingRecord) where BillingRecord.amount > 500 to Auditor
Validation result for rule_id R12: {'is_coherent': True, 'reason': ''}

---

Transformed conditions for text 'amount > 2000': {'error': "Translation failed: property 'amount' exists on multiple node types (BillingRecord, Insurance); target node not specified."}
Validation Result for 'Auditors may review Billing Records that are larger than 2000.': {'status': 'success', 'validated_constraints': "(:Staff {status: 'Auditor'})-[:REVIEW]->(:BillingRecord) WHERE amount > 2000"}
Self-Healed Rule for 'Auditors may review Billing Records that are larger than 2000.': {'status': 'healed', 'healed_rule': {'allow': {'role': 'Auditor', 'action': 'READ', 'node': 'BillingRecord', 'filter': {'amount': {'$gt': 2000}}}}, 'healing_rationale': "Mapped the natural‑language role 'Auditors' to the singular role identifier 'Auditor', specified a READ (review) permission on the existing BillingRecord node, and added the required numeric filter amount > 2000 to reflect the intent. No new schema elements were introduced."}
Generated rule: grant TRAVERSE on nodes (:BillingRecord) where (:Staff {status: 'Auditor'})-[:REVIEW]->(:BillingRecord) WHERE amount > 2000 to Auditor
Validation result for rule_id R13: {'allow': {'role': 'Auditor', 'action': 'READ', 'node': 'BillingRecord', 'filter': {'amount': {'$gt': 2000}}}}

---

Transformed conditions for text 'age > 30': {'constraints': 'Staff.age > 30'}
Validation Result for 'Auditors can view Patient Accounts for individuals older than 30.': {'status': 'failed', 'unresolvable_error': "The rule refers to individuals older than 30, which implies a 'age' property on Patient nodes, but the schema does not define an 'age' attribute for Patient. Consequently, a valid constraint cannot be constructed using the given schema."}
Transformed conditions for text 'age >= 18 AND age <= 65': {'constraints': 'Staff.age >= 18 AND Staff.age <= 65'}
Validator API Error: {'status': 'api_error', 'unresolvable_error': 'Expecting value: line 1 column 1 (char 0)'}
Transformed conditions for text 'age >= 25 AND age <= 40': {'constraints': 'Staff.age >= 25 AND Staff.age <= 40'}
Validation Result for 'Auditors may see Patients between 25 and 40 years of age.': {'status': 'failed', 'unresolvable_error': "The constraint references a non‑existent property 'age' on the Patient node; the schema defines no age attribute for Patient, so the rule cannot be expressed as given."}
Transformed conditions for text 'status = 'completed' AND cost > 100': {'final': {'constraints': "Diagnosis.status = 'completed' AND Diagnosis.cost > 100"}}
Validation Result for 'Auditors can check completed Diagnosis that cost more than 100.': {'status': 'success', 'validated_constraints': "Diagnosis.status = 'completed' AND Diagnosis.cost > 100"}
Generated rule: grant TRAVERSE on nodes (:Diagnosis) where Diagnosis.status = 'completed' AND Diagnosis.cost > 100 to Auditor
Validation result for rule_id R17: {'is_coherent': True, 'reason': ''}

---

Transformed conditions for text 'status = 'completed'': {'error': "Translation failed: 'status' property is ambiguous without specifying a node label (multiple nodes have a 'status' attribute)."}
Validation Result for 'Auditors are authorized to read Diagnosis with a 'completed' status.': {'status': 'success', 'validated_constraints': "ALLOW READ ON (:Diagnosis {status: 'completed'}) BY (:Staff {status: 'Auditor'})"}
Generated rule: grant TRAVERSE on nodes (:Diagnosis) where ALLOW READ ON (:Diagnosis {status: 'completed'}) BY (:Staff {status: 'Auditor'}) to Auditor
Validation result for rule_id R18: {'is_coherent': True, 'reason': ''}

---

Transformed conditions for text 'status = 'completed' AND cost > 500': {'constraints': "Diagnosis.status = 'completed' AND Diagnosis.cost > 500"}
Validation Result for 'Auditors can look into completed Diagnosis valued above 500.': {'status': 'success', 'validated_constraints': "Diagnosis.status = 'completed' AND Diagnosis.cost > 500"}
Generated rule: grant TRAVERSE on nodes (:Diagnosis) where Diagnosis.status = 'completed' AND Diagnosis.cost > 500 to Auditor
Validation result for rule_id R19: {'is_coherent': True, 'reason': ''}

---

Transformed conditions for text 'value > 1000': {'constraints': 'MedicalEquipment.value > 1000'}
Validation Result for 'Auditors can inspect Medical Equipment with a value surpassing 1000.': {'status': 'success', 'validated_constraints': "Staff.status = 'auditor' AND MedicalEquipment.value > 1000"}
Self-Healed Rule for 'Auditors can inspect Medical Equipment with a value surpassing 1000.': {'status': 'healed', 'healed_rule': {'subject': {'node': 'Staff', 'where': {'status': 'auditor'}}, 'action': 'READ', 'object': {'node': 'MedicalEquipment', 'where': {'value': {'$gt': 1000}}}, 'description': "Auditors (mapped to Staff with status 'auditor') may read/inspect MedicalEquipment whose value exceeds 1000."}, 'healing_rationale': "Mapped undefined 'Auditors' to the existing Staff node using a status filter, used READ as the closest action for 'inspect', and expressed the value condition with a $gt operator. Fixed JSON syntax errors."}
Generated rule: grant TRAVERSE on nodes (:MedicalEquipment) where Staff.status = 'auditor' AND MedicalEquipment.value > 1000 to Auditor
Validation result for rule_id R20: {'subject': {'node': 'Staff', 'where': {'status': 'auditor'}}, 'action': 'READ', 'object': {'node': 'MedicalEquipment', 'where': {'value': {'$gt': 1000}}}, 'description': "Auditors (mapped to Staff with status 'auditor') may read/inspect MedicalEquipment whose value exceeds 1000."}

---

Transformed conditions for text 'value > 500': {'constraints': 'MedicalEquipment.value > 500'}
Validation Result for 'Auditors are permitted to explore Medical Equipment valued over 500.': {'status': 'success', 'validated_constraints': 'MedicalEquipment.value > 500'}
Generated rule: grant TRAVERSE on nodes (:MedicalEquipment) where MedicalEquipment.value > 500 to Auditor
Validation result for rule_id R21: {'is_coherent': True, 'reason': ''}

---

Transformed conditions for text 'value is negative and greater than 100': {'constraints': 'MedicalEquipment.value < 0 AND MedicalEquipment.value > 100'}
Validation Result for 'Auditors can read Medical Equipment logs if the value is negative and simultaneously greater than 100.': {'status': 'success', 'validated_constraints': "Staff.status = 'Auditor' AND (MedicalEquipment.value < 0 OR MedicalEquipment.value > 100)"}
Generated rule: grant Read{value} on nodes (:MedicalEquipment) where Staff.status = 'Auditor' AND (MedicalEquipment.value < 0 OR MedicalEquipment.value > 100) to Auditor
Validation result for rule_id R22: {'is_coherent': True, 'reason': ''}

---

Transformed conditions for text 'confidential = false': {'constraints': 'MedicalDocument.confidential = false'}
Validation Result for 'Auditors may view Medical Documents that are not marked as confidential.': {'status': 'success', 'validated_constraints': 'MedicalDocument.confidential = false'}
Generated rule: grant TRAVERSE on nodes (:MedicalDocument) where MedicalDocument.confidential = false to Auditor
Validation result for rule_id R23: {'is_coherent': True, 'reason': ''}

---

Transformed conditions for text 'age = 18': {'constraints': 'Staff.age = 18'}
Validation Result for 'Auditors are allowed to check Staff records where the age is exactly 18.': {'status': 'success', 'validated_constraints': 'Staff.age = 18'}
Self-Healed Rule for 'Auditors are allowed to check Staff records where the age is exactly 18.': {'status': 'healed', 'healed_rule': {'role': 'Auditor', 'action': 'read', 'entity': 'Staff', 'condition': {'age': {'eq': 18}}}, 'healing_rationale': "Replaced the placeholder rule with a concrete access control rule that permits the role 'Auditor' to read Staff nodes where the age attribute equals 18, matching the schema's Staff node definition."}
Generated rule: grant Read{age} on nodes (:Staff) where Staff.age = 18 to Auditor
Validation result for rule_id R24: {'role': 'Auditor', 'action': 'read', 'entity': 'Staff', 'condition': {'age': {'eq': 18}}}

---

Transformed conditions for text 'level > 3 AND level <= 4': {'error': "Translation failed: 'level' property is not defined in the provided graph schema."}
Validation Result for 'Auditors can browse Staff profiles with a level strictly greater than 3 but no more than 4.': {'status': 'failed', 'unresolvable_error': "The constraint references a 'level' property and an 'Auditor' node type that are not defined in the provided graph schema, and there is no suitable existing property or node to map these concepts to."}
Transformed conditions for text 'salary >= 5000': {'constraints': 'Staff.salary >= 5000'}
Validator API Error: {'status': 'api_error', 'unresolvable_error': "Expecting ',' delimiter: line 4 column 1 (char 79)"}
Transformed conditions for text 'value > 1000': {'constraints': 'MedicalEquipment.value > 1000'}
Validation Result for 'Nurses are restricted from viewing medical equipment with a value over 1000.': {'status': 'success', 'validated_constraints': "NOT ((:Staff {status: 'Nurse'})-[:USES]->(:MedicalEquipment) WHERE MedicalEquipment.value > 1000)"}
Generated rule: deny TRAVERSE on nodes (:MedicalEquipment) where NOT ((:Staff {status: 'Nurse'})-[:USES]->(:MedicalEquipment) WHERE MedicalEquipment.value > 1000) to Nurse
Validation result for rule_id R27: {'is_coherent': True, 'reason': ''}

---

Transformed conditions for text 'status = 'archived'': {'error': "Translation failed: target node for property 'status' is ambiguous or not specified."}
Validation Result for 'Admins are empowered to erase archived Medical Documents.': {'status': 'success', 'validated_constraints': "(:Staff {status: 'admin'})-[:CAN_ERASE]->(:MedicalDocument {status: 'archived'})"}
Generated rule: grant DELETE on nodes (:MedicalDocument) where (:Staff {status: 'admin'})-[:CAN_ERASE]->(:MedicalDocument {status: 'archived'}) to Hospital_Admin
Validation result for rule_id R28: {'is_coherent': True, 'reason': ''}

---

Transformed conditions for text 'conditions are critical': {'error': "Translation failed: 'conditions' is not defined as a property in the provided graph schema."}
Validation Result for 'Hospital Admins cannot delete OWNS relations when conditions are critical.': {'status': 'success', 'validated_constraints': "FORBID DELETE ON (s:Staff)-[r:OWNS]->(:ClinicalProtocol) WHERE r.conditions = 'critical' AND s.status = 'admin'"}
Generated rule: deny DELETE on relationships (:OWNS) where FORBID DELETE ON (s:Staff)-[r:OWNS]->(:ClinicalProtocol) WHERE r.conditions = 'critical' AND s.status = 'admin' to Hospital_Admin
Validation result for rule_id R29: {'is_coherent': True, 'reason': ''}

---

Transformed conditions for text 'approval = false': {'constraints': 'HAS_INSURANCE.approval = false'}
Validation Result for 'Hospital Admins can delete insurance links if not approved yet.': {'status': 'success', 'validated_constraints': "MATCH (s:Staff)-[h:HAS_INSURANCE]->(i:Insurance) WHERE s.status = 'admin' AND h.approval = false"}
Generated rule: grant DELETE on relationships (:HAS_INSURANCE) where MATCH (s:Staff)-[h:HAS_INSURANCE]->(i:Insurance) WHERE s.status = 'admin' AND h.approval = false to Hospital_Admin
Validation result for rule_id R30: {'is_coherent': True, 'reason': ''}

---

Transformed conditions for text 'since > 2000': {'error': "Translation failed: 'since' is a relationship property and the statement lacks context (node and relationship) to form a valid constraint."}
Validation Result for 'Hospital Admins can form new ownership connections if the 'since' year is greater than 2000.': {'status': 'success', 'validated_constraints': "FOR (s:Staff)-[r:OWNS]->(c:ClinicalProtocol) WHERE s.status = 'admin' ASSERT r.since > 2000"}
Generated rule: grant CREATE on relationships (:OWNS) where FOR (s:Staff)-[r:OWNS]->(c:ClinicalProtocol) WHERE s.status = 'admin' ASSERT r.since > 2000 source (:Staff) target (:ClinicalProtocol) to Hospital_Admin
Validation result for rule_id R31: {'is_coherent': True, 'reason': ''}

---

[2026-06-30 16:10:14] Total Evaluated: all | TP: 3, FP: 17, FN: 11 | Precision: 0.1500 | Recall: 0.2143 | F1-Score: 0.1765
Generated rule: deny CREATE on nodes (:Staff) to Hospital_Admin
Validation result for rule_id R1: {'is_coherent': True, 'reason': ''}

---

Generated rule: grant CREATE on nodes (:ClinicalProtocol) to Hospital_Admin
Validation result for rule_id R2: {'is_coherent': True, 'reason': ''}

---

Generated rule: grant CREATE on nodes (:*) to Hospital_Admin
Validation result for rule_id R3: {'is_coherent': True, 'reason': ''}

---

Generated rule: grant CREATE on nodes (:MedicalDocument) to Nurse
Validation result for rule_id R4: {'is_coherent': True, 'reason': ''}

---

Generated rule: grant TRAVERSE on nodes (:MedicalDocument) to Nurse
Validation result for rule_id R5: {'is_coherent': True, 'reason': ''}

---

Generated rule: deny TRAVERSE on nodes (:MedicalDocument) to Nurse
Validation result for rule_id R6: {'is_coherent': True, 'reason': ''}

---

Generated rule: grant CREATE on relationships (:OWNS) to Nurse
Validation result for rule_id R7: {'is_coherent': True, 'reason': ''}

---

Generated rule: grant TRAVERSE on relationships (:*) to Nurse
Validation result for rule_id R8: {'is_coherent': True, 'reason': ''}

---

Generated rule: deny TRAVERSE on relationships (:OWNS) to Nurse
Validation result for rule_id R9: {'is_coherent': True, 'reason': ''}

---

Generated rule: grant CREATE on relationships (:*) to Data_Analyst
Validation result for rule_id R10: {'is_coherent?': '...'}

---

Generated rule: grant TRAVERSE on relationships (:COLLABORATES_WITH) to Auditor
Validation result for rule_id R11: {'is_coherent': True, 'reason': ''}

---

Generated rule: deny TRAVERSE on relationships (:*) to Data_Analyst
Validation result for rule_id R12: {'is_coherent': True, 'reason': ''}

---

Generated rule: grant Read{*} on nodes (:ClinicalProtocol) to Data_Analyst
Validation result for rule_id R13: {'is_coherent': True, 'reason': ''}

---

Generated rule: deny TRAVERSE on nodes (:*) to Data_Analyst
Validation result for rule_id R14: {'is_coherent': True, 'reason': ''}

---

Generated rule: grant CREATE on nodes (:*) to Hospital_Admin
Validation result for rule_id R15: {'is_coherent': True, 'reason': ''}

---

Generated rule: grant TRAVERSE on nodes (:Staff) to Auditor
Validation result for rule_id R16: {'is_coherent': True, 'reason': ''}

---

Generated rule: grant TRAVERSE on nodes (:MedicalEquipment) to Auditor
Validation result for rule_id R17: {'is_coherent': True, 'reason': ''}

---

Generated rule: grant CREATE on nodes (:MedicalEquipment) to Hospital_Admin
Validation result for rule_id R18: {'is_coherent': True, 'reason': ''}

---

Generated rule: grant Read{email} on nodes (:Patient) to Hospital_Clerk
Validation result for rule_id R19: {'is_coherent': True, 'reason': ''}

---

Generated rule: grant Read{address} on nodes (:Patient) to Hospital_Clerk
Validation result for rule_id R20: {'is_coherent': True, 'reason': ''}

---

Generated rule: deny Read{*} on nodes (:Patient) to Hospital_Clerk
Validation result for rule_id R21: {'is_coherent': True, 'reason': ''}

---

Generated rule: grant Read{cost} on nodes (:Diagnosis) to Hospital_Clerk
Validation result for rule_id R22: {'is_coherent?': '…'}

---

Generated rule: deny Read{cost} on nodes (:Diagnosis) to Hospital_Clerk
Validation result for rule_id R23: {'is_coherent': True, 'reason': ''}

---

Generated rule: grant ModifyProperty{status} on nodes (:MedicalDocument) to Nurse
Validation result for rule_id R24: {'is_coherent': True, 'reason': ''}

---

Generated rule: grant ModifyProperty{salary} on nodes (:Staff) to HR_Manager
Validation result for rule_id R25: {'is_coherent': True, 'reason': ''}

---

Generated rule: grant Read{*} on nodes (:ClinicalProtocol) to Data_Analyst
Validation result for rule_id R26: {'is_coherent': True, 'reason': ''}

---

Generated rule: grant ModifyProperty{*} on nodes (:Patient) to Auditor
Validation result for rule_id R27: {'is_coherent': True, 'reason': ''}

---

[2026-06-30 16:27:48] Total Evaluated: all | TP: 23, FP: 2, FN: 2 | Precision: 0.9200 | Recall: 0.9200 | F1-Score: 0.9200
Generated rule: grant CREATE on relationships (:*) source (:Staff) target (:Staff) to Hospital_Admin
Validation result for rule_id R1: {'is_coherent': True, 'reason': ''}

---

Generated rule: grant AddProperty{approval} on relationships (:HAS_INSURANCE) source (:Patient) target (:Insurance) to Hospital_Admin
Validation result for rule_id R2: {'is_coherent?': False, 'reason': '...'}

---

Generated rule: deny CREATE on relationships (:HAS_INSURANCE) source (:Patient) target (:Insurance) to Nurse
Validation result for rule_id R3: {'is_coherent': True, 'reason': ''}

---

Generated rule: deny TRAVERSE on relationships (:OWNS) source (:Staff) target (:ClinicalProtocol) to Nurse
Validation result for rule_id R4: {'is_coherent': True, 'reason': ''}

---

Generated rule: deny ModifyProperty{dosage} on relationships (:PRESCRIBES) source (:Staff) target (:MedicalDocument) to Nurse
Validation result for rule_id R5: {'is_coherent': True, 'reason': ''}

---

Generated rule: grant AddProperty{*} on relationships (:TREATS) source (:Staff) target (:Patient) to Hospital_Admin
Validation result for rule_id R6: {'is_coherent': False, 'reason': "The formal rule limits the action to the specific relationship 'TREATS', but the natural language permits adding properties to any association between staff and patient."}

---

Generated rule: grant DELETE on relationships (:TREATS) source (:Staff) target (:Patient) to Hospital_Admin
Validation result for rule_id R7: {'is_coherent': True, 'reason': ''}

---

Generated rule: grant TRAVERSE on nodes (:Staff) to Nurse
Validation result for rule_id R8: {'is_coherent': False, 'reason': 'The formal policy omits the condition that nurses may only view staff who prescribe medical documents.'}

---

Generated rule: grant TRAVERSE on relationships (:PRESCRIBES) source (:Staff) target (:MedicalDocument) to Nurse
Validation result for rule_id R9: {'is_coherent': True, 'reason': ''}

---

[2026-06-30 16:33:31] Total Evaluated: all | TP: 5, FP: 1, FN: 3 | Precision: 0.8333 | Recall: 0.6250 | F1-Score: 0.7143
Generated rule: grant CREATE on relationships (:*) source (:Staff) target (:Staff) to Hospital_Admin
Validation result for rule_id R1: {'is_coherent': True, 'reason': ''}

---

Generated rule: grant AddProperty{approval} on relationships (:HAS_INSURANCE) source (:Patient) target (:Insurance) to Hospital_Admin
Validation result for rule_id R2: {'is_coherent': True, 'reason': ''}

---

Generated rule: deny CREATE on relationships (:HAS_INSURANCE) source (:Patient) target (:Insurance) to Nurse
Validation result for rule_id R3: {'is_coherent': True, 'reason': ''}

---

Generated rule: deny TRAVERSE on relationships (:OWNS) source (:Staff) target (:ClinicalProtocol) to Nurse
Validation result for rule_id R4: {'is_coherent': True, 'reason': ''}

---

Generated rule: deny ModifyProperty{dosage} on relationships (:PRESCRIBES) source (:Staff) target (:MedicalDocument) to Nurse
Validation result for rule_id R5: {'is_coherent': True, 'reason': ''}

---

Self-Healed Rule for 'Admins can add any properties to associations between staff and patient.': {'status': 'healed', 'healed_rule': {'allow': {'role': 'Admin', 'action': 'add_properties', 'on': {'relationship_pattern': '(:Staff)-[r]->(:Patient)', 'relationship_type': '*'}}}, 'healing_rationale': 'The schema only defines one staff‑patient relationship (TREATS), but the natural language permits adding properties to any association between Staff and Patient. To honor the intent without inventing new schema elements, the rule is generalized to a wildcard relationship pattern (:Staff)-[r]->(:Patient), allowing Admins to add properties to any existing or future relationship type connecting Staff and Patient.'}
Generated rule: grant AddProperty{*} on relationships (:TREATS) source (:Staff) target (:Patient) to Hospital_Admin
Validation result for rule_id R6: {'allow': {'role': 'Admin', 'action': 'add_properties', 'on': {'relationship_pattern': '(:Staff)-[r]->(:Patient)', 'relationship_type': '*'}}}

---

Generated rule: grant DELETE on relationships (:TREATS) source (:Staff) target (:Patient) to Hospital_Admin
Validation result for rule_id R7: {'is_coherent': True, 'reason': ''}

---

Transformed conditions for text 'staff that prescribes medical document': {'analysis': 'We need to translate the natural language condition: "staff that prescribes medical document". This is a condition describing staff nodes that have a PRESCRIBES relationship to a MedicalDocument. We need to output JSON with constraints string. According to schema: (:Staff) -[:PRESCRIBES{{dosage: string,prescribtion_date:date}}]-> (:MedicalDocument). So constraint could be something like '}
Validation Result for 'Nurses can view the staff which prescribes medical document.': {'analysis': 'The task: evaluate the initial translation attempt, verify against schema, and self-heal if needed. The original text: "Nurses can view the staff which prescribes medical document." We need to produce a graph database constraint (likely a Cypher-like condition) that enforces that nurses can view staff who have PRESCRIBES relationship to a MedicalDocument. The initial translation attempt is incomplete; it just contains an analysis field, not a constraint string. We must output JSON with status success and validated_constraints containing the proper constraint syntax.\n\nWe need to consider schema: Node labels include Staff, MedicalDocument, and also there is no explicit Nurse label; but Nurses are likely a subset of Staff (maybe with status or level). Since schema does not define a Nurse label, we must interpret "Nurses" as Staff nodes with perhaps a property indicating role. However, there is no property for role. The schema has Staff attributes: id, name, age, salary, level, status. Possibly status could be \'nurse\' or level could indicate rank. Since we cannot assume extra property, we might just refer to Staff nodes with a condition that they are nurses, e.g., Staff.status = \'nurse\' or Staff.level >= something. But the schema does not define a \'role\' property. The safest is to use Staff.status = \'nurse\' as a plausible property. This property exists (status: string). So we can write constraint: (n:Staff {status: \'nurse\'})-[:VIEW]->(s:Staff)-[:PRESCRES]->(d:MedicalDocument). However, there is no VIEW relationship defined in schema. The original text says "Nurses can view the staff which prescribes medical document." This is an access control rule, not a relationship constraint. In graph DB policy, we might express as a constraint that when a Nurse (Staff with status=\'nurse\') queries, they are allowed to see Staff nodes that have PRESCRIBES relationship to any MedicalDocument. The constraint could be expressed as a predicate: EXISTS( (s:Staff)-[:PRESCRIBES]->(:MedicalDocument) ) for the staff that nurse can view.\n\nWe need to output a constraint string. The format is not strictly defined, but likely something like:\n"MATCH (n:Staff {status: \'nurse\'}), (s:Staff)-[:PRESCRIBES]->(:MedicalDocument) WHERE (n)-[:CAN_VIEW]->(s) RETURN s". However, CAN_VIEW relationship not defined.\n\nGiven the limited schema, we can express the access rule as a condition: For a Staff node with status=\'nurse\', they may access Staff nodes where EXISTS( (s)-[:PRESCRIBES]->(:MedicalDocument) ). So the constraint string could be:\n"(n:Staff {status: \'nurse\'})-[:CAN_VIEW]->(s:Staff) WHERE EXISTS( (s)-[:PRESCRIBES]->(:MedicalDocument) )"\n\nWe need to ensure only allowed operators: =, <>, etc. Using = is fine.\n\nThus we produce JSON with status success and validated_constraints containing the constraint.\n\nIf we think the lack of CAN_VIEW relationship is a problem, we could just output the predicate part: "(s:Staff)-[:PRESCRIBES]->(:MedicalDocument)" as the condition that defines which staff are viewable.\n\nI\'ll output a concise constraint: "(n:Staff {status: \'nurse\'})-[:CAN_VIEW]->(s:Staff) WHERE (s)-[:PRESCRIBES]->(:MedicalDocument)".\n\nNow produce final JSON.\n'}
Generated rule: grant CREATE on relationships (:*) source (:Staff) target (:Staff) to Administrators
Validation result for rule_id R1: {'is_coherent': True, 'reason': ''}

---

Generated rule: grant AddProperty{approval} on relationships (:HAS_INSURANCE) source (:Patient) target (:Insurance) to Administrators
Validation result for rule_id R2: {'is_coherent': True, 'reason': ''}

---

Self-Healed Rule for 'Nurses cannot associate patients with insurance': {'status': 'healed', 'healed_rule': {'type': 'DENY', 'subject': {'label': 'Staff', 'filter': {'status': 'Nurse'}}, 'operation': 'CREATE', 'relationship': 'HAS_INSURANCE', 'source': {'label': 'Patient'}, 'target': {'label': 'Insurance'}}, 'healing_rationale': "Mapped 'Nurses' to Staff nodes with status='Nurse' (the only staff attribute indicating role). Interpreted 'associate patients with insurance' as the HAS_INSURANCE relationship from Patient to Insurance, and added a DENY rule preventing those staff from creating that relationship."}
Generated rule: deny CREATE on relationships (:HAS_INSURANCE) source (:Patient) target (:Insurance) to Nurse
Validation result for rule_id R3: {'type': 'DENY', 'subject': {'label': 'Staff', 'filter': {'status': 'Nurse'}}, 'operation': 'CREATE', 'relationship': 'HAS_INSURANCE', 'source': {'label': 'Patient'}, 'target': {'label': 'Insurance'}}

---

Self-Healed Rule for 'Nurses are not allowed to see who owns a clinical protocol': {'status': 'healed', 'healed_rule': {'role': 'Nurse', 'action': 'DENY', 'operation': 'READ', 'traversal': {'edge': 'OWNS', 'direction': 'IN', 'from_node': 'ClinicalProtocol', 'to_node': 'Staff'}, 'description': 'Nurse staff members may not traverse the incoming OWNS relationship from a ClinicalProtocol to its owning Staff, preventing them from seeing who owns a clinical protocol.'}, 'healing_rationale': 'Corrected the direction of the OWNS relationship to match the natural language intent (ClinicalProtocol → incoming OWNS → Staff). Added explicit role filter for nurses and specified a DENY READ permission on that traversal.'}
Generated rule: deny TRAVERSE on relationships (:OWNS) source (:Staff) target (:ClinicalProtocol) to Nurse
Validation result for rule_id R4: {'role': 'Nurse', 'action': 'DENY', 'operation': 'READ', 'traversal': {'edge': 'OWNS', 'direction': 'IN', 'from_node': 'ClinicalProtocol', 'to_node': 'Staff'}, 'description': 'Nurse staff members may not traverse the incoming OWNS relationship from a ClinicalProtocol to its owning Staff, preventing them from seeing who owns a clinical protocol.'}

---

Generated rule: deny ModifyProperty{dosage} on relationships (:PRESCRIBES) source (:Staff) target (:MedicalDocument) to Nurse
Validation result for rule_id R5: {'is_coherent': True, 'reason': ''}

---

Self-Healed Rule for 'Admins can add any properties to associations between staff and patient.': {'status': 'healed', 'healed_rule': {'action': 'add_property', 'subject': 'relationship', 'relationship_filter': {'start_node_label': 'Staff', 'end_node_label': 'Patient', 'type': '*'}, 'allowed_properties': 'any'}, 'healing_rationale': "Replaced the overly specific 'TREATS' relationship with a wildcard type, permitting addition of properties to any association (any relationship type) between a Staff node and a Patient node, as required by the natural language intent."}
Generated rule: grant AddProperty{*} on relationships (:TREATS) source (:Staff) target (:Patient) to Administrators
Validation result for rule_id R6: {'action': 'add_property', 'subject': 'relationship', 'relationship_filter': {'start_node_label': 'Staff', 'end_node_label': 'Patient', 'type': '*'}, 'allowed_properties': 'any'}

---

Generated rule: grant DELETE on relationships (:TREATS) source (:Staff) target (:Patient) to Hospital_Admin
Validation result for rule_id R7: {'is_coherent': True, 'reason': ''}

---

Transformed conditions for text 'only staff that PRESCRIBES MedicalDocument': {'constraints': '(:Staff)-[:PRESCRIBES]->(:MedicalDocument)'}
Validation Result for 'Nurses can view the staff which prescribes medical document.': {'status': 'success', 'validated_constraints': "(:Staff {status: 'Nurse'})-[:COLLABORATES_WITH]->(:Staff)-[:PRESCRIBES]->(:MedicalDocument)"}
Generated rule: grant TRAVERSE on nodes (:Staff) where (:Staff {status: 'Nurse'})-[:COLLABORATES_WITH]->(:Staff)-[:PRESCRIBES]->(:MedicalDocument) to Nurse
Validation result for rule_id R8: {'is_coherent': True, 'reason': ''}

---

Generated rule: grant TRAVERSE on relationships (:PRESCRIBES) source (:Staff) target (:MedicalDocument) to Nurse
Validation result for rule_id R9: {'is_coherent': True, 'reason': ''}

---

[2026-06-30 16:47:15] Total Evaluated: all | TP: 2, FP: 4, FN: 3 | Precision: 0.3333 | Recall: 0.4000 | F1-Score: 0.3636
